Starting a Gradle Daemon, 1 incompatible Daemon could not be reused, use --status for details

> Task :compileJava
/Users/araj/Documents/GitHub/2020-Robot/2020-Robot/src/main/java/frc/team670/robot/subsystems/DriveBase.java:25: error: cannot find symbol
import frc.team670.robot.commands.MustangScheduler; --DONE 
                                 ^
  symbol:   class MustangScheduler
  location: package frc.team670.robot.commands
/Users/araj/Documents/GitHub/2020-Robot/2020-Robot/src/main/java/frc/team670/robot/subsystems/DriveBase.java:26: error: package frc.team670.robot.commands.drive.teleop does not exist
import frc.team670.robot.commands.drive.teleop.XboxRocketLeagueDrive; --DONE
                                              ^
/Users/araj/Documents/GitHub/2020-Robot/2020-Robot/src/main/java/frc/team670/robot/subsystems/DriveBase.java:29: error: package frc.team670.robot.dataCollection.sensors does not exist
import frc.team670.robot.dataCollection.sensors.NavX; --DONE
                                               ^
/Users/araj/Documents/GitHub/2020-Robot/2020-Robot/src/main/java/frc/team670/robot/subsystems/DriveBase.java:30: error: cannot find symbol
import frc.team670.robot.utils.Logger; --DOne
                              ^
  symbol:   class Logger
  location: package frc.team670.robot.utils
/Users/araj/Documents/GitHub/2020-Robot/2020-Robot/src/main/java/frc/team670/robot/subsystems/DriveBase.java:31: error: package frc.team670.robot.utils.motorcontroller does not exist
import frc.team670.robot.utils.motorcontroller.MotorConfig;
                                              ^
/Users/araj/Documents/GitHub/2020-Robot/2020-Robot/src/main/java/frc/team670/robot/subsystems/DriveBase.java:32: error: cannot find symbol
import frc.team670.robot.utils.MustangNotifications;
                              ^
  symbol:   class MustangNotifications
  location: package frc.team670.robot.utils
/Users/araj/Documents/GitHub/2020-Robot/2020-Robot/src/main/java/frc/team670/robot/subsystems/DriveBase.java:33: error: cannot find symbol
import frc.team670.robot.utils.functions.MathUtils;
                                        ^
  symbol:   class MathUtils
  location: package frc.team670.robot.utils.functions
/Users/araj/Documents/GitHub/2020-Robot/2020-Robot/src/main/java/frc/team670/robot/subsystems/DriveBase.java:34: error: package frc.team670.robot.utils.motorcontroller does not exist
import frc.team670.robot.utils.motorcontroller.SparkMAXFactory;
                                              ^
/Users/araj/Documents/GitHub/2020-Robot/2020-Robot/src/main/java/frc/team670/robot/subsystems/DriveBase.java:35: error: package frc.team670.robot.utils.motorcontroller does not exist
import frc.team670.robot.utils.motorcontroller.SparkMAXLite;
                                              ^
/Users/araj/Documents/GitHub/2020-Robot/2020-Robot/src/main/java/frc/team670/robot/subsystems/DriveBase.java:42: error: cannot find symbol
public class DriveBase extends MustangSubsystemBase {
                               ^
  symbol: class MustangSubsystemBase
/Users/araj/Documents/GitHub/2020-Robot/2020-Robot/src/main/java/frc/team670/robot/subsystems/DriveBase.java:44: error: cannot find symbol
  private SparkMAXLite left1, left2, right1, right2;
          ^
  symbol:   class SparkMAXLite
  location: class DriveBase
/Users/araj/Documents/GitHub/2020-Robot/2020-Robot/src/main/java/frc/team670/robot/subsystems/DriveBase.java:49: error: cannot find symbol
  private List<SparkMAXLite> leftControllers, rightControllers;
               ^
  symbol:   class SparkMAXLite
  location: class DriveBase
/Users/araj/Documents/GitHub/2020-Robot/2020-Robot/src/main/java/frc/team670/robot/subsystems/DriveBase.java:50: error: cannot find symbol
  private List<SparkMAXLite> allMotors = new ArrayList<SparkMAXLite>();;
               ^
  symbol:   class SparkMAXLite
  location: class DriveBase
/Users/araj/Documents/GitHub/2020-Robot/2020-Robot/src/main/java/frc/team670/robot/subsystems/DriveBase.java:52: error: cannot find symbol
  private NavX navXMicro;
          ^
  symbol:   class NavX
  location: class DriveBase
/Users/araj/Documents/GitHub/2020-Robot/2020-Robot/src/main/java/frc/team670/robot/subsystems/DriveBase.java:115: error: cannot find symbol
  public HealthState checkHealth() {
         ^
  symbol:   class HealthState
  location: class DriveBase
/Users/araj/Documents/GitHub/2020-Robot/2020-Robot/src/main/java/frc/team670/robot/subsystems/DriveBase.java:234: error: cannot find symbol
  private void setMotorsInvert(List<SparkMAXLite> motorGroup, boolean invert) {
                                    ^
  symbol:   class SparkMAXLite
  location: class DriveBase
/Users/araj/Documents/GitHub/2020-Robot/2020-Robot/src/main/java/frc/team670/robot/subsystems/DriveBase.java:261: error: cannot find symbol
  public void setMotorsBrakeMode(List<SparkMAXLite> motorGroup, IdleMode mode) {
                                      ^
  symbol:   class SparkMAXLite
  location: class DriveBase
/Users/araj/Documents/GitHub/2020-Robot/2020-Robot/src/main/java/frc/team670/robot/subsystems/DriveBase.java:412: error: cannot find symbol
  public List<SparkMAXLite> getLeftControllers() {
              ^
  symbol:   class SparkMAXLite
  location: class DriveBase
/Users/araj/Documents/GitHub/2020-Robot/2020-Robot/src/main/java/frc/team670/robot/subsystems/DriveBase.java:421: error: cannot find symbol
  public List<SparkMAXLite> getRightControllers() {
              ^
  symbol:   class SparkMAXLite
  location: class DriveBase
/Users/araj/Documents/GitHub/2020-Robot/2020-Robot/src/main/java/frc/team670/robot/subsystems/DriveBase.java:428: error: cannot find symbol
  public void setRampRate(List<SparkMAXLite> motors, double rampRate) {
                               ^
  symbol:   class SparkMAXLite
  location: class DriveBase
/Users/araj/Documents/GitHub/2020-Robot/2020-Robot/src/main/java/frc/team670/robot/RobotContainer.java:24: error: cannot find symbol
import frc.team670.robot.subsystems.MustangSubsystemBase;
                                   ^
  symbol:   class MustangSubsystemBase
  location: package frc.team670.robot.subsystems
/Users/araj/Documents/GitHub/2020-Robot/2020-Robot/src/main/java/frc/team670/robot/RobotContainer.java:29: error: cannot find symbol
import frc.team670.robot.subsystems.LEDSubsystem;
                                   ^
  symbol:   class LEDSubsystem
  location: package frc.team670.robot.subsystems
/Users/araj/Documents/GitHub/2020-Robot/2020-Robot/src/main/java/frc/team670/robot/RobotContainer.java:34: error: cannot find symbol
import frc.team670.robot.commands.MustangCommand;
                                 ^
  symbol:   class MustangCommand
  location: package frc.team670.robot.commands
/Users/araj/Documents/GitHub/2020-Robot/2020-Robot/src/main/java/frc/team670/robot/RobotContainer.java:35: error: cannot find symbol
import frc.team670.robot.commands.MustangScheduler;
                                 ^
  symbol:   class MustangScheduler
  location: package frc.team670.robot.commands
/Users/araj/Documents/GitHub/2020-Robot/2020-Robot/src/main/java/frc/team670/robot/RobotContainer.java:67: error: cannot find symbol
import frc.team670.robot.utils.MustangController;
                              ^
  symbol:   class MustangController
  location: package frc.team670.robot.utils
/Users/araj/Documents/GitHub/2020-Robot/2020-Robot/src/main/java/frc/team670/robot/RobotContainer.java:68: error: package frc.team670.robot.utils.MustangController does not exist
import frc.team670.robot.utils.MustangController.XboxButtons;
                                                ^
/Users/araj/Documents/GitHub/2020-Robot/2020-Robot/src/main/java/frc/team670/robot/RobotContainer.java:69: error: package frc.team670.robot.dataCollection does not exist
import frc.team670.robot.dataCollection.MustangCoprocessor;
                                       ^
/Users/araj/Documents/GitHub/2020-Robot/2020-Robot/src/main/java/frc/team670/robot/RobotContainer.java:85: error: cannot find symbol
  private static List<MustangSubsystemBase> allSubsystems = new ArrayList<MustangSubsystemBase>();
                      ^
  symbol:   class MustangSubsystemBase
  location: class RobotContainer
/Users/araj/Documents/GitHub/2020-Robot/2020-Robot/src/main/java/frc/team670/robot/subsystems/Intake.java:4: error: package frc.team670.robot.utils.motorcontroller.MotorConfig does not exist
import frc.team670.robot.utils.motorcontroller.MotorConfig.Motor_Type;
                                                          ^
/Users/araj/Documents/GitHub/2020-Robot/2020-Robot/src/main/java/frc/team670/robot/subsystems/Intake.java:5: error: package frc.team670.robot.utils.motorcontroller does not exist
import frc.team670.robot.utils.motorcontroller.SparkMAXLite;
                                              ^
/Users/araj/Documents/GitHub/2020-Robot/2020-Robot/src/main/java/frc/team670/robot/subsystems/Intake.java:10: error: package frc.team670.robot.utils.motorcontroller does not exist
import frc.team670.robot.utils.motorcontroller.SparkMAXFactory;
                                              ^
/Users/araj/Documents/GitHub/2020-Robot/2020-Robot/src/main/java/frc/team670/robot/subsystems/Intake.java:15: error: cannot find symbol
public class Intake extends MustangSubsystemBase {
                            ^
  symbol: class MustangSubsystemBase
/Users/araj/Documents/GitHub/2020-Robot/2020-Robot/src/main/java/frc/team670/robot/subsystems/Conveyor.java:3: error: package frc.team670.robot.utils.motorcontroller does not exist
import frc.team670.robot.utils.motorcontroller.SparkMAXLite;
                                              ^
/Users/araj/Documents/GitHub/2020-Robot/2020-Robot/src/main/java/frc/team670/robot/subsystems/Conveyor.java:4: error: package frc.team670.robot.utils.motorcontroller.MotorConfig does not exist
import frc.team670.robot.utils.motorcontroller.MotorConfig.Motor_Type;
                                                          ^
/Users/araj/Documents/GitHub/2020-Robot/2020-Robot/src/main/java/frc/team670/robot/subsystems/Conveyor.java:5: error: package frc.team670.robot.utils.motorcontroller does not exist
import frc.team670.robot.utils.motorcontroller.SparkMAXFactory;
                                              ^
/Users/araj/Documents/GitHub/2020-Robot/2020-Robot/src/main/java/frc/team670/robot/subsystems/Conveyor.java:12: error: cannot find symbol
public class Conveyor extends MustangSubsystemBase {
                              ^
  symbol: class MustangSubsystemBase
/Users/araj/Documents/GitHub/2020-Robot/2020-Robot/src/main/java/frc/team670/robot/subsystems/Indexer.java:17: error: package frc.team670.robot.dataCollection.sensors does not exist
import frc.team670.robot.dataCollection.sensors.TimeOfFlightSensor;
                                               ^
/Users/araj/Documents/GitHub/2020-Robot/2020-Robot/src/main/java/frc/team670/robot/subsystems/Indexer.java:18: error: cannot find symbol
import frc.team670.robot.utils.Logger;
                              ^
  symbol:   class Logger
  location: package frc.team670.robot.utils
/Users/araj/Documents/GitHub/2020-Robot/2020-Robot/src/main/java/frc/team670/robot/subsystems/Indexer.java:19: error: cannot find symbol
import frc.team670.robot.utils.functions.MathUtils;
                                        ^
  symbol:   class MathUtils
  location: package frc.team670.robot.utils.functions
/Users/araj/Documents/GitHub/2020-Robot/2020-Robot/src/main/java/frc/team670/robot/subsystems/Indexer.java:20: error: package frc.team670.robot.utils.motorcontroller does not exist
import frc.team670.robot.utils.motorcontroller.MotorConfig;
                                              ^
/Users/araj/Documents/GitHub/2020-Robot/2020-Robot/src/main/java/frc/team670/robot/subsystems/Indexer.java:21: error: package frc.team670.robot.utils.motorcontroller does not exist
import frc.team670.robot.utils.motorcontroller.TalonSRXFactory;
                                              ^
/Users/araj/Documents/GitHub/2020-Robot/2020-Robot/src/main/java/frc/team670/robot/subsystems/SparkMaxRotatingSubsystem.java:3: error: cannot find symbol
import frc.team670.robot.subsystems.MustangSubsystemBase;
                                   ^
  symbol:   class MustangSubsystemBase
  location: package frc.team670.robot.subsystems
/Users/araj/Documents/GitHub/2020-Robot/2020-Robot/src/main/java/frc/team670/robot/subsystems/SparkMaxRotatingSubsystem.java:4: error: cannot find symbol
import frc.team670.robot.utils.Logger;
                              ^
  symbol:   class Logger
  location: package frc.team670.robot.utils
/Users/araj/Documents/GitHub/2020-Robot/2020-Robot/src/main/java/frc/team670/robot/subsystems/SparkMaxRotatingSubsystem.java:5: error: cannot find symbol
import frc.team670.robot.utils.functions.MathUtils;
                                        ^
  symbol:   class MathUtils
  location: package frc.team670.robot.utils.functions
/Users/araj/Documents/GitHub/2020-Robot/2020-Robot/src/main/java/frc/team670/robot/subsystems/SparkMaxRotatingSubsystem.java:6: error: package frc.team670.robot.utils.motorcontroller does not exist
import frc.team670.robot.utils.motorcontroller.MotorConfig;
                                              ^
/Users/araj/Documents/GitHub/2020-Robot/2020-Robot/src/main/java/frc/team670/robot/subsystems/SparkMaxRotatingSubsystem.java:7: error: package frc.team670.robot.utils.motorcontroller does not exist
import frc.team670.robot.utils.motorcontroller.SparkMAXFactory;
                                              ^
/Users/araj/Documents/GitHub/2020-Robot/2020-Robot/src/main/java/frc/team670/robot/subsystems/SparkMaxRotatingSubsystem.java:8: error: package frc.team670.robot.utils.motorcontroller does not exist
import frc.team670.robot.utils.motorcontroller.SparkMAXLite;
                                              ^
/Users/araj/Documents/GitHub/2020-Robot/2020-Robot/src/main/java/frc/team670/robot/subsystems/SparkMaxRotatingSubsystem.java:24: error: cannot find symbol
public abstract class SparkMaxRotatingSubsystem extends MustangSubsystemBase implements TunableSubsystem {
                                                        ^
  symbol: class MustangSubsystemBase
/Users/araj/Documents/GitHub/2020-Robot/2020-Robot/src/main/java/frc/team670/robot/subsystems/SparkMaxRotatingSubsystem.java:24: error: cannot find symbol
public abstract class SparkMaxRotatingSubsystem extends MustangSubsystemBase implements TunableSubsystem {
                                                                                        ^
  symbol: class TunableSubsystem
/Users/araj/Documents/GitHub/2020-Robot/2020-Robot/src/main/java/frc/team670/robot/subsystems/Turret.java:8: error: cannot find symbol
import frc.team670.robot.commands.MustangScheduler;
                                 ^
  symbol:   class MustangScheduler
  location: package frc.team670.robot.commands
/Users/araj/Documents/GitHub/2020-Robot/2020-Robot/src/main/java/frc/team670/robot/subsystems/Turret.java:11: error: cannot find symbol
import frc.team670.robot.utils.Logger;
                              ^
  symbol:   class Logger
  location: package frc.team670.robot.utils
/Users/araj/Documents/GitHub/2020-Robot/2020-Robot/src/main/java/frc/team670/robot/subsystems/Turret.java:12: error: package frc.team670.robot.utils.motorcontroller.MotorConfig does not exist
import frc.team670.robot.utils.motorcontroller.MotorConfig.Motor_Type;
                                                          ^
/Users/araj/Documents/GitHub/2020-Robot/2020-Robot/src/main/java/frc/team670/robot/subsystems/Shooter.java:18: error: cannot find symbol
import frc.team670.robot.utils.functions.MathUtils;
                                        ^
  symbol:   class MathUtils
  location: package frc.team670.robot.utils.functions
/Users/araj/Documents/GitHub/2020-Robot/2020-Robot/src/main/java/frc/team670/robot/subsystems/Shooter.java:19: error: package frc.team670.robot.utils.math.interpolable does not exist
import frc.team670.robot.utils.math.interpolable.InterpolatingDouble;
                                                ^
/Users/araj/Documents/GitHub/2020-Robot/2020-Robot/src/main/java/frc/team670/robot/subsystems/Shooter.java:20: error: package frc.team670.robot.utils.math.interpolable does not exist
import frc.team670.robot.utils.math.interpolable.InterpolatingTreeMap;
                                                ^
/Users/araj/Documents/GitHub/2020-Robot/2020-Robot/src/main/java/frc/team670/robot/subsystems/Shooter.java:21: error: package frc.team670.robot.utils.math.interpolable does not exist
import frc.team670.robot.utils.math.interpolable.LinearRegression;
                                                ^
/Users/araj/Documents/GitHub/2020-Robot/2020-Robot/src/main/java/frc/team670/robot/subsystems/Shooter.java:22: error: package frc.team670.robot.utils.motorcontroller does not exist
import frc.team670.robot.utils.motorcontroller.SparkMAXFactory;
                                              ^
/Users/araj/Documents/GitHub/2020-Robot/2020-Robot/src/main/java/frc/team670/robot/subsystems/Shooter.java:23: error: package frc.team670.robot.utils.motorcontroller does not exist
import frc.team670.robot.utils.motorcontroller.SparkMAXLite;
                                              ^
/Users/araj/Documents/GitHub/2020-Robot/2020-Robot/src/main/java/frc/team670/robot/subsystems/Shooter.java:24: error: package frc.team670.robot.utils.motorcontroller.MotorConfig does not exist
import frc.team670.robot.utils.motorcontroller.MotorConfig.Motor_Type;
                                                          ^
/Users/araj/Documents/GitHub/2020-Robot/2020-Robot/src/main/java/frc/team670/robot/subsystems/Shooter.java:32: error: cannot find symbol
public class Shooter extends MustangSubsystemBase {
                             ^
  symbol: class MustangSubsystemBase
/Users/araj/Documents/GitHub/2020-Robot/2020-Robot/src/main/java/frc/team670/robot/subsystems/Climber.java:12: error: cannot find symbol
import frc.team670.robot.subsystems.MustangSubsystemBase;
                                   ^
  symbol:   class MustangSubsystemBase
  location: package frc.team670.robot.subsystems
/Users/araj/Documents/GitHub/2020-Robot/2020-Robot/src/main/java/frc/team670/robot/subsystems/Climber.java:13: error: package frc.team670.robot.utils.motorcontroller does not exist
import frc.team670.robot.utils.motorcontroller.SparkMAXFactory;
                                              ^
/Users/araj/Documents/GitHub/2020-Robot/2020-Robot/src/main/java/frc/team670/robot/subsystems/Climber.java:14: error: package frc.team670.robot.utils.motorcontroller does not exist
import frc.team670.robot.utils.motorcontroller.SparkMAXLite;
                                              ^
/Users/araj/Documents/GitHub/2020-Robot/2020-Robot/src/main/java/frc/team670/robot/subsystems/Climber.java:15: error: package frc.team670.robot.utils.motorcontroller.MotorConfig does not exist
import frc.team670.robot.utils.motorcontroller.MotorConfig.Motor_Type;
                                                          ^
/Users/araj/Documents/GitHub/2020-Robot/2020-Robot/src/main/java/frc/team670/robot/subsystems/Climber.java:21: error: cannot find symbol
public class Climber extends MustangSubsystemBase {
                             ^
  symbol: class MustangSubsystemBase
/Users/araj/Documents/GitHub/2020-Robot/2020-Robot/src/main/java/frc/team670/robot/RobotContainer.java:96: error: cannot find symbol
  private static LEDSubsystem fancyLights = new LEDSubsystem(RobotMap.LEFT_SIDE_LEDS_PWM, 150);
                 ^
  symbol:   class LEDSubsystem
  location: class RobotContainer
/Users/araj/Documents/GitHub/2020-Robot/2020-Robot/src/main/java/frc/team670/robot/RobotContainer.java:98: error: cannot find symbol
  private static MustangCoprocessor coprocessor = new MustangCoprocessor();
                 ^
  symbol:   class MustangCoprocessor
  location: class RobotContainer
/Users/araj/Documents/GitHub/2020-Robot/2020-Robot/src/main/java/frc/team670/robot/constants/OI.java:6: error: package frc.team670.robot.commands.drive.teleop does not exist
import frc.team670.robot.commands.drive.teleop.FlipDriveAndCamera;
                                              ^
/Users/araj/Documents/GitHub/2020-Robot/2020-Robot/src/main/java/frc/team670/robot/constants/OI.java:7: error: package frc.team670.robot.commands.drive.teleop does not exist
import frc.team670.robot.commands.drive.teleop.FlipDriveDirection;
                                              ^
/Users/araj/Documents/GitHub/2020-Robot/2020-Robot/src/main/java/frc/team670/robot/constants/OI.java:8: error: package frc.team670.robot.dataCollection does not exist
import frc.team670.robot.dataCollection.MustangCoprocessor;
                                       ^
/Users/araj/Documents/GitHub/2020-Robot/2020-Robot/src/main/java/frc/team670/robot/constants/OI.java:9: error: package frc.team670.robot.dataCollection does not exist
import frc.team670.robot.dataCollection.XKeys;
                                       ^
/Users/araj/Documents/GitHub/2020-Robot/2020-Robot/src/main/java/frc/team670/robot/constants/OI.java:17: error: cannot find symbol
import frc.team670.robot.utils.MustangController;
                              ^
  symbol:   class MustangController
  location: package frc.team670.robot.utils
/Users/araj/Documents/GitHub/2020-Robot/2020-Robot/src/main/java/frc/team670/robot/constants/OI.java:18: error: package frc.team670.robot.utils.MustangController does not exist
import frc.team670.robot.utils.MustangController.XboxButtons;
                                                ^
/Users/araj/Documents/GitHub/2020-Robot/2020-Robot/src/main/java/frc/team670/robot/commands/auton/AutoSelector.java:10: error: cannot find symbol
import frc.team670.robot.commands.MustangCommand;
                                 ^
  symbol:   class MustangCommand
  location: package frc.team670.robot.commands
/Users/araj/Documents/GitHub/2020-Robot/2020-Robot/src/main/java/frc/team670/robot/commands/auton/AutoSelector.java:12: error: package frc.team670.robot.dataCollection does not exist
import frc.team670.robot.dataCollection.MustangCoprocessor;
                                       ^
/Users/araj/Documents/GitHub/2020-Robot/2020-Robot/src/main/java/frc/team670/robot/RobotContainer.java:134: error: cannot find symbol
  public static void addSubsystem(MustangSubsystemBase... subsystems) {
                                  ^
  symbol:   class MustangSubsystemBase
  location: class RobotContainer
/Users/araj/Documents/GitHub/2020-Robot/2020-Robot/src/main/java/frc/team670/robot/RobotContainer.java:203: error: cannot find symbol
  public MustangCommand getAutonomousCommand() {
         ^
  symbol:   class MustangCommand
  location: class RobotContainer
/Users/araj/Documents/GitHub/2020-Robot/2020-Robot/src/main/java/frc/team670/robot/RobotContainer.java:261: error: cannot find symbol
  public static List<MustangSubsystemBase> getSubsystems() {
                     ^
  symbol:   class MustangSubsystemBase
  location: class RobotContainer
/Users/araj/Documents/GitHub/2020-Robot/2020-Robot/src/main/java/frc/team670/robot/RobotContainer.java:282: error: cannot find symbol
  public static MustangController getDriverController() {
                ^
  symbol:   class MustangController
  location: class RobotContainer
/Users/araj/Documents/GitHub/2020-Robot/2020-Robot/src/main/java/frc/team670/robot/commands/auton/AutoSelector.java:33: error: cannot find symbol
    private MustangCoprocessor coprocessor;
            ^
  symbol:   class MustangCoprocessor
  location: class AutoSelector
/Users/araj/Documents/GitHub/2020-Robot/2020-Robot/src/main/java/frc/team670/robot/commands/auton/AutoSelector.java:37: error: cannot find symbol
    public AutoSelector(DriveBase driveBase, Intake intake, Conveyor conveyor, Indexer indexer, Shooter shooter, Turret turret, MustangCoprocessor coprocessor){
                                                                                                                                ^
  symbol:   class MustangCoprocessor
  location: class AutoSelector
/Users/araj/Documents/GitHub/2020-Robot/2020-Robot/src/main/java/frc/team670/robot/commands/auton/AutoSelector.java:148: error: cannot find symbol
    public MustangCommand getSelectedRoutine(){
           ^
  symbol:   class MustangCommand
  location: class AutoSelector
/Users/araj/Documents/GitHub/2020-Robot/2020-Robot/src/main/java/frc/team670/robot/constants/OI.java:22: error: cannot find symbol
  private MustangController driverController;
          ^
  symbol:   class MustangController
  location: class OI
/Users/araj/Documents/GitHub/2020-Robot/2020-Robot/src/main/java/frc/team670/robot/constants/OI.java:27: error: cannot find symbol
  private XKeys xkeys;
          ^
  symbol:   class XKeys
  location: class OI
/Users/araj/Documents/GitHub/2020-Robot/2020-Robot/src/main/java/frc/team670/robot/constants/OI.java:29: error: cannot find symbol
  public OI(DriveBase drivebase, Intake intake, Conveyor conveyor, Indexer indexer, Shooter shooter, Climber climber, Turret turret, MustangCoprocessor pi) {
                                                                                                                                     ^
  symbol:   class MustangCoprocessor
  location: class OI
/Users/araj/Documents/GitHub/2020-Robot/2020-Robot/src/main/java/frc/team670/robot/constants/OI.java:61: error: cannot find symbol
  private void rumbleController(MustangController controller, double power, double time) {
                                ^
  symbol:   class MustangController
  location: class OI
/Users/araj/Documents/GitHub/2020-Robot/2020-Robot/src/main/java/frc/team670/robot/constants/OI.java:65: error: cannot find symbol
  public MustangController getDriverController() {
         ^
  symbol:   class MustangController
  location: class OI
/Users/araj/Documents/GitHub/2020-Robot/2020-Robot/src/main/java/frc/team670/robot/subsystems/Climber.java:43: error: cannot find symbol
    private SparkMAXLite motor;
            ^
  symbol:   class SparkMAXLite
  location: class Climber
/Users/araj/Documents/GitHub/2020-Robot/2020-Robot/src/main/java/frc/team670/robot/subsystems/Climber.java:154: error: cannot find symbol
    public HealthState checkHealth() {
           ^
  symbol:   class HealthState
  location: class Climber
/Users/araj/Documents/GitHub/2020-Robot/2020-Robot/src/main/java/frc/team670/robot/subsystems/Shooter.java:34: error: cannot find symbol
  private SparkMAXLite mainController, followerController;
          ^
  symbol:   class SparkMAXLite
  location: class Shooter
/Users/araj/Documents/GitHub/2020-Robot/2020-Robot/src/main/java/frc/team670/robot/subsystems/Shooter.java:35: error: cannot find symbol
  private List<SparkMAXLite> controllers;
               ^
  symbol:   class SparkMAXLite
  location: class Shooter
/Users/araj/Documents/GitHub/2020-Robot/2020-Robot/src/main/java/frc/team670/robot/subsystems/Shooter.java:64: error: cannot find symbol
  private static InterpolatingTreeMap<InterpolatingDouble, InterpolatingDouble> FLYWHEEL_RPM_MAP = new InterpolatingTreeMap<>();
                 ^
  symbol:   class InterpolatingTreeMap
  location: class Shooter
/Users/araj/Documents/GitHub/2020-Robot/2020-Robot/src/main/java/frc/team670/robot/subsystems/Shooter.java:64: error: cannot find symbol
  private static InterpolatingTreeMap<InterpolatingDouble, InterpolatingDouble> FLYWHEEL_RPM_MAP = new InterpolatingTreeMap<>();
                                      ^
  symbol:   class InterpolatingDouble
  location: class Shooter
/Users/araj/Documents/GitHub/2020-Robot/2020-Robot/src/main/java/frc/team670/robot/subsystems/Shooter.java:64: error: cannot find symbol
  private static InterpolatingTreeMap<InterpolatingDouble, InterpolatingDouble> FLYWHEEL_RPM_MAP = new InterpolatingTreeMap<>();
                                                           ^
  symbol:   class InterpolatingDouble
  location: class Shooter
/Users/araj/Documents/GitHub/2020-Robot/2020-Robot/src/main/java/frc/team670/robot/subsystems/Shooter.java:104: error: cannot find symbol
  private static final LinearRegression speedAtDistance = new LinearRegression(measuredDistancesMeters, measuredRPMs);
                       ^
  symbol:   class LinearRegression
  location: class Shooter
/Users/araj/Documents/GitHub/2020-Robot/2020-Robot/src/main/java/frc/team670/robot/subsystems/Shooter.java:199: error: cannot find symbol
  public HealthState checkHealth() {
         ^
  symbol:   class HealthState
  location: class Shooter
/Users/araj/Documents/GitHub/2020-Robot/2020-Robot/src/main/java/frc/team670/robot/subsystems/Turret.java:136: error: cannot find symbol
    public HealthState checkHealth() {
           ^
  symbol:   class HealthState
  location: class Turret
/Users/araj/Documents/GitHub/2020-Robot/2020-Robot/src/main/java/frc/team670/robot/subsystems/Turret.java:113: error: cannot find symbol
        public Motor_Type getMotorType() {
               ^
  symbol:   class Motor_Type
  location: class Config
/Users/araj/Documents/GitHub/2020-Robot/2020-Robot/src/main/java/frc/team670/robot/subsystems/SparkMaxRotatingSubsystem.java:46: error: package MotorConfig does not exist
        public abstract MotorConfig.Motor_Type getMotorType();
                                   ^
/Users/araj/Documents/GitHub/2020-Robot/2020-Robot/src/main/java/frc/team670/robot/subsystems/Indexer.java:34: error: cannot find symbol
    private TimeOfFlightSensor indexerIntakeSensor;
            ^
  symbol:   class TimeOfFlightSensor
  location: class Indexer
/Users/araj/Documents/GitHub/2020-Robot/2020-Robot/src/main/java/frc/team670/robot/utils/functions/SettingUtils.java:24: warning: [removal] PIDController in edu.wpi.first.wpilibj has been deprecated and marked for removal
  public static void releaseController(PIDController controller) {
                                       ^
100 errors
1 warning

> Task :compileJava FAILED
Compilation Error!
GradleRIO detected this build failed due to a Compile Error (compileJava).
Check that all your files are saved, then scroll up in this log for more information.

FAILURE: Build failed with an exception.

* What went wrong:
Execution failed for task ':compileJava'.
> Compilation failed; see the compiler error output for details.

* Try:
Run with --stacktrace option to get the stack trace. Run with --info or --debug option to get more log output. Run with --scan to get full insights.

* Get more help at https://help.gradle.org

Deprecated Gradle features were used in this build, making it incompatible with Gradle 7.0.
Use '--warning-mode all' to show the individual deprecation warnings.
See https://docs.gradle.org/6.0.1/userguide/command_line_interface.html#sec:command_line_warnings

BUILD FAILED in 39s
1 actionable task: 1 executed



Aaditya - up to 150
Rohan - 150-300
Johnny - 300 to end